{  "proposal" :{"aspectName":"dataJobInputOutput","entityUrn":"urn:li:dataJob:(urn:li:dataFlow:(spark,sparkTestApp,local),QueryExecId_13)","entityType":"dataJob","aspect":{"value":"{\"inputDatasets\":[\"urn:li:dataset:(urn:li:dataPlatform:hdfs,file:/src/test/resources/data/in1.csv,PROD)\",\"urn:li:dataset:(urn:li:dataPlatform:postgres,sparktestdb.foo2,PROD)\"],\"outputDatasets\":[\"urn:li:dataset:(urn:li:dataPlatform:postgres,sparktestdb.foo3,PROD)\"]}","contentType":"application/json"},"changeType":"UPSERT"}}
