{  "proposal" :{"aspectName":"dataJobInputOutput","entityUrn":"urn:li:dataJob:(urn:li:dataFlow:(spark,sparkTestApp,local),QueryExecId_24)","entityType":"dataJob","aspect":{"value":"{\"inputDatasets\":[\"urn:li:dataset:(urn:li:dataPlatform:hdfs,file:/src/test/resources/data/in1.csv,PROD)\",\"urn:li:dataset:(urn:li:dataPlatform:hdfs,file:/src/test/resources/data/in2.csv,PROD)\"],\"outputDatasets\":[\"urn:li:dataset:(urn:li:dataPlatform:postgres,sparktestdb.foo1,PROD)\"]}","contentType":"application/json"},"changeType":"UPSERT"}}
