{  "proposal" :{"aspectName":"dataJobInputOutput","entityUrn":"urn:li:dataJob:(urn:li:dataFlow:(spark,sparkTestApp,local),QueryExecId_18)","entityType":"dataJob","aspect":{"value":"{\"inputDatasets\":[\"urn:li:dataset:(urn:li:dataPlatform:hdfs,file:/src/test/resources/data/in1.csv,PROD)\",\"urn:li:dataset:(urn:li:dataPlatform:hdfs,file:/src/test/resources/data/in2.csv,PROD)\"],\"outputDatasets\":[\"urn:li:dataset:(urn:li:dataPlatform:hive,sparktestdb.foo5,PROD)\"]}","contentType":"application/json"},"changeType":"UPSERT"}}
{  "proposal" :{"aspectName":"dataJobInputOutput","entityUrn":"urn:li:dataJob:(urn:li:dataFlow:(spark,sparkTestApp,local),QueryExecId_19)","entityType":"dataJob","aspect":{"value":"{\"inputDatasets\":[\"urn:li:dataset:(urn:li:dataPlatform:hive,sparktestdb.foo5,PROD)\"],\"outputDatasets\":[\"urn:li:dataset:(urn:li:dataPlatform:hive,sparktestdb.hivetab,PROD)\"]}","contentType":"application/json"},"changeType":"UPSERT"}}
{  "proposal" :{"aspectName":"dataJobInputOutput","entityUrn":"urn:li:dataJob:(urn:li:dataFlow:(spark,sparkTestApp,local),QueryExecId_20)","entityType":"dataJob","aspect":{"value":"{\"inputDatasets\":[\"urn:li:dataset:(urn:li:dataPlatform:hive,sparktestdb.foo5,PROD)\"],\"outputDatasets\":[\"urn:li:dataset:(urn:li:dataPlatform:hive,sparktestdb.hivetab,PROD)\"]}","contentType":"application/json"},"changeType":"UPSERT"}}
{  "proposal" :{"aspectName":"dataJobInputOutput","entityUrn":"urn:li:dataJob:(urn:li:dataFlow:(spark,sparkTestApp,local),QueryExecId_21)","entityType":"dataJob","aspect":{"value":"{\"inputDatasets\":[\"urn:li:dataset:(urn:li:dataPlatform:hive,sparktestdb.foo5,PROD)\"],\"outputDatasets\":[\"urn:li:dataset:(urn:li:dataPlatform:hive,sparktestdb.hivetab,PROD)\"]}","contentType":"application/json"},"changeType":"UPSERT"}}
