[
{
    "auditHeader": null,
    "proposedSnapshot": {
        "com.linkedin.pegasus2avro.metadata.snapshot.DatasetSnapshot": {
            "urn": "urn:li:dataset:(urn:li:dataPlatform:delta-lake,delta_tables/my_table_basic,UAT)",
            "aspects": [
                {
                    "com.linkedin.pegasus2avro.dataset.DatasetProperties": {
                        "customProperties": {
                            "number_of_files": "5",
                            "partition_columns": "['foo', 'bar']",
                            "table_creation_time": "1655831476360",
                            "id": "628d06df-ecb0-4314-a97e-75d8872db7c3",
                            "version": "4",
                            "location": "tests/integration/delta_lake/test_data/delta_tables/my_table_basic/",
                            "operation": "WRITE",
                            "operationParameters": "{}",
                            "readVersion": "3",
                            "isolationLevel": "Serializable",
                            "isBlindAppend": "True",
                            "operationMetrics": "{}",
                            "engineInfo": "local Delta-Standalone/0.4.0",
                            "version_creation_time": "1655831477768"
                        },
                        "externalUrl": null,
                        "name": "test-table-basic",
                        "qualifiedName": null,
                        "description": "test delta table basic with table name",
                        "uri": null,
                        "tags": []
                    }
                },
                {
                    "com.linkedin.pegasus2avro.schema.SchemaMetadata": {
                        "schemaName": "test-table-basic",
                        "platform": "urn:li:dataPlatform:delta-lake",
                        "version": 4,
                        "created": {
                            "time": 0,
                            "actor": "urn:li:corpuser:unknown",
                            "impersonator": null
                        },
                        "lastModified": {
                            "time": 0,
                            "actor": "urn:li:corpuser:unknown",
                            "impersonator": null
                        },
                        "deleted": null,
                        "dataset": null,
                        "cluster": null,
                        "hash": "",
                        "platformSchema": {
                            "com.linkedin.pegasus2avro.schema.OtherSchema": {
                                "rawSchema": ""
                            }
                        },
                        "fields": [
                            {
                                "fieldPath": "bar",
                                "jsonPath": null,
                                "nullable": true,
                                "description": "{}",
                                "created": null,
                                "lastModified": null,
                                "type": {
                                    "type": {
                                        "com.linkedin.pegasus2avro.schema.NumberType": {}
                                    }
                                },
                                "nativeDataType": "integer",
                                "recursive": false,
                                "globalTags": null,
                                "glossaryTerms": null,
                                "isPartOfKey": false,
                                "isPartitioningKey": true,
                                "jsonProps": null
                            },
                            {
                                "fieldPath": "foo",
                                "jsonPath": null,
                                "nullable": true,
                                "description": "{}",
                                "created": null,
                                "lastModified": null,
                                "type": {
                                    "type": {
                                        "com.linkedin.pegasus2avro.schema.NumberType": {}
                                    }
                                },
                                "nativeDataType": "integer",
                                "recursive": false,
                                "globalTags": null,
                                "glossaryTerms": null,
                                "isPartOfKey": false,
                                "isPartitioningKey": true,
                                "jsonProps": null
                            },
                            {
                                "fieldPath": "zip",
                                "jsonPath": null,
                                "nullable": true,
                                "description": "{}",
                                "created": null,
                                "lastModified": null,
                                "type": {
                                    "type": {
                                        "com.linkedin.pegasus2avro.schema.StringType": {}
                                    }
                                },
                                "nativeDataType": "string",
                                "recursive": false,
                                "globalTags": null,
                                "glossaryTerms": null,
                                "isPartOfKey": false,
                                "isPartitioningKey": false,
                                "jsonProps": null
                            }
                        ],
                        "primaryKeys": null,
                        "foreignKeysSpecs": null,
                        "foreignKeys": null
                    }
                }
            ]
        }
    },
    "proposedDelta": null,
    "systemMetadata": {
        "lastObserved": 1615443388097,
        "runId": "relative_path.json",
        "registryName": null,
        "registryVersion": null,
        "properties": null
    }
},
{
    "auditHeader": null,
    "entityType": "container",
    "entityUrn": "urn:li:container:85267d161e1a2ffa647cec6c1188549f",
    "entityKeyAspect": null,
    "changeType": "UPSERT",
    "aspectName": "containerProperties",
    "aspect": {
        "value": "{\"customProperties\": {\"platform\": \"delta-lake\", \"instance\": \"UAT\", \"folder_abs_path\": \"delta_tables\"}, \"name\": \"delta_tables\"}",
        "contentType": "application/json"
    },
    "systemMetadata": {
        "lastObserved": 1615443388097,
        "runId": "relative_path.json",
        "registryName": null,
        "registryVersion": null,
        "properties": null
    }
},
{
    "auditHeader": null,
    "entityType": "container",
    "entityUrn": "urn:li:container:85267d161e1a2ffa647cec6c1188549f",
    "entityKeyAspect": null,
    "changeType": "UPSERT",
    "aspectName": "dataPlatformInstance",
    "aspect": {
        "value": "{\"platform\": \"urn:li:dataPlatform:delta-lake\"}",
        "contentType": "application/json"
    },
    "systemMetadata": {
        "lastObserved": 1615443388097,
        "runId": "relative_path.json",
        "registryName": null,
        "registryVersion": null,
        "properties": null
    }
},
{
    "auditHeader": null,
    "entityType": "container",
    "entityUrn": "urn:li:container:85267d161e1a2ffa647cec6c1188549f",
    "entityKeyAspect": null,
    "changeType": "UPSERT",
    "aspectName": "subTypes",
    "aspect": {
        "value": "{\"typeNames\": [\"Folder\"]}",
        "contentType": "application/json"
    },
    "systemMetadata": {
        "lastObserved": 1615443388097,
        "runId": "relative_path.json",
        "registryName": null,
        "registryVersion": null,
        "properties": null
    }
},
{
    "auditHeader": null,
    "entityType": "dataset",
    "entityUrn": "urn:li:dataset:(urn:li:dataPlatform:delta-lake,delta_tables/my_table_basic,UAT)",
    "entityKeyAspect": null,
    "changeType": "UPSERT",
    "aspectName": "container",
    "aspect": {
        "value": "{\"container\": \"urn:li:container:85267d161e1a2ffa647cec6c1188549f\"}",
        "contentType": "application/json"
    },
    "systemMetadata": {
        "lastObserved": 1615443388097,
        "runId": "relative_path.json",
        "registryName": null,
        "registryVersion": null,
        "properties": null
    }
}
]